
> nodepdf@1.0.0 test c:\Users\mike.walters\Documents\GitHub\html-to-pdf
> node test/test.js

{}
